{
  "case": "highway-ramp-out",
  "checkpoint": "CitiesIIAgentBridge-regression-highway-ramp-out-20261001-070745-9a9e80b2",
  "changedEdges": [
    [
      334278,
      1
    ],
    [
      334769,
      1
    ],
    [
      334773,
      1
    ],
    [
      334777,
      1
    ],
    [
      334781,
      1
    ],
    [
      334785,
      1
    ],
    [
      334787,
      1
    ]
  ],
  "junctions": [
    {
      "connections": 1,
      "rawConnectorPairsChanged": true,
      "maxCurveError": 0.0
    },
    {
      "connections": 9,
      "rawConnectorPairsChanged": false,
      "maxCurveError": 0.0
    },
    {
      "connections": 1,
      "rawConnectorPairsChanged": true,
      "maxCurveError": 0.0
    },
    {
      "connections": 7,
      "rawConnectorPairsChanged": false,
      "maxCurveError": 0.0
    },
    {
      "connections": 1,
      "rawConnectorPairsChanged": true,
      "maxCurveError": 0.0
    },
    {
      "connections": 1,
      "rawConnectorPairsChanged": true,
      "maxCurveError": 0.0
    }
  ],
  "fixedNodeDrifts": [],
  "limits": "Local snapshot checks; not vehicle traversal or visual approval.",
  "passed": true
}
