{
  "case": "road-four-way-branch",
  "checkpoint": "CitiesIIAgentBridge-regression-road-four-way-branch-20260930-090230-291ce20f",
  "changedEdges": [
    [
      351588,
      1
    ],
    [
      355244,
      1
    ],
    [
      355247,
      1
    ]
  ],
  "junctions": [
    {
      "connections": 4,
      "rawConnectorPairsChanged": false,
      "maxCurveError": 0.0
    },
    {
      "connections": 16,
      "rawConnectorPairsChanged": false,
      "maxCurveError": 0.0
    },
    {
      "connections": 4,
      "rawConnectorPairsChanged": false,
      "maxCurveError": 0.0
    }
  ],
  "fixedNodeDrifts": [],
  "limits": "Local snapshot checks; not vehicle traversal or visual approval.",
  "passed": true
}
