{
  "case": "highway-off-ramp",
  "checkpoint": "CitiesIIAgentBridge-regression-highway-off-ramp-20260930-090433-0a06ca80",
  "changedEdges": [
    [
      355853,
      1
    ],
    [
      355858,
      1
    ]
  ],
  "junctions": [
    {
      "connections": 1,
      "rawConnectorPairsChanged": false,
      "maxCurveError": 0.0
    },
    {
      "connections": 5,
      "rawConnectorPairsChanged": false,
      "maxCurveError": 0.0
    },
    {
      "connections": 1,
      "rawConnectorPairsChanged": false,
      "maxCurveError": 0.0
    }
  ],
  "fixedNodeDrifts": [],
  "limits": "Local snapshot checks; not vehicle traversal or visual approval.",
  "passed": true
}
