{
  "case": "highway-mainline",
  "checkpoint": "CitiesIIAgentBridge-regression-highway-mainline-20261001-070358-8105fd94",
  "changedEdges": [
    [
      334278,
      1
    ],
    [
      334279,
      1
    ],
    [
      334785,
      1
    ]
  ],
  "junctions": [
    {
      "connections": 9,
      "rawConnectorPairsChanged": false,
      "maxCurveError": 0.0
    },
    {
      "connections": 9,
      "rawConnectorPairsChanged": false,
      "maxCurveError": 0.0
    },
    {
      "connections": 7,
      "rawConnectorPairsChanged": false,
      "maxCurveError": 0.0
    }
  ],
  "fixedNodeDrifts": [],
  "limits": "Local snapshot checks; not vehicle traversal or visual approval.",
  "passed": true
}
