{
  "case": "rail-two-splits-zero",
  "checkpoint": "CitiesIIAgentBridge-regression-rail-two-splits-zero-20260930-090926-c80f358f",
  "changedEdges": [
    [
      354784,
      1
    ],
    [
      354793,
      1
    ],
    [
      355423,
      1
    ]
  ],
  "junctions": [
    {
      "connections": 4,
      "rawConnectorPairsChanged": false,
      "maxCurveError": 0.0
    },
    {
      "connections": 2,
      "rawConnectorPairsChanged": true,
      "maxCurveError": 0.0
    },
    {
      "connections": 2,
      "rawConnectorPairsChanged": true,
      "maxCurveError": 0.0
    }
  ],
  "fixedNodeDrifts": [],
  "limits": "Local snapshot checks; not vehicle traversal or visual approval.",
  "passed": true
}
