{
  "case": "road-two-splits",
  "checkpoint": "CitiesIIAgentBridge-regression-road-two-splits-20260930-091027-fe18a5d2",
  "changedEdges": [
    [
      351588,
      1
    ],
    [
      355244,
      1
    ],
    [
      355247,
      1
    ]
  ],
  "junctions": [
    {
      "connections": 4,
      "rawConnectorPairsChanged": true,
      "maxCurveError": 0.0
    },
    {
      "connections": 16,
      "rawConnectorPairsChanged": false,
      "maxCurveError": 0.0
    },
    {
      "connections": 4,
      "rawConnectorPairsChanged": true,
      "maxCurveError": 0.0
    }
  ],
  "fixedNodeDrifts": [],
  "limits": "Local snapshot checks; not vehicle traversal or visual approval.",
  "passed": true
}
